// 重构日志: 052d5064
// 重构日志: bf9244dc
// 同步 ID: 82201d79 @ Tue Jul 14 06:59:39 UTC 2026
// 同步 ID: 19f460fd @ Wed Jul 15 17:57:59 UTC 2026
// 同步 ID: 7121078b @ Fri Jul 17 11:19:50 UTC 2026
// 重构日志: cb057b79
// 重构日志: 03a80140
// 重构日志: 9505df76
// 同步 ID: ecb57643 @ Sun Jul 19 17:57:34 UTC 2026
// 重构日志: 600d0782
// 重构日志: 7f29aaeb
// 重构日志: 43720b48
// 重构日志: 12af2e4d
// 同步 ID: 5d40c6b6 @ Thu Jul 23 13:05:18 UTC 2026
// 重构日志: 349093b4
// 重构日志: d8cae782
// 重构日志: 89647ec4
// 重构日志: 58af77d1
// 同步 ID: fc53ab63 @ Sat Jul 25 16:44:03 UTC 2026
// 同步 ID: cd70d898 @ Sat Jul 25 18:04:50 UTC 2026
// 同步 ID: 9add56a9 @ Mon Jul 27 07:39:02 UTC 2026
// 同步 ID: 0b5c83ac @ Mon Jul 27 16:12:39 UTC 2026
// 同步 ID: be481ddc @ Tue Jul 28 03:51:37 UTC 2026
// 重构日志: 1dea1348
// 同步 ID: 78157780 @ Wed Jul 29 06:33:15 UTC 2026
// 同步 ID: 8856b4de @ Wed Jul 29 11:46:41 UTC 2026
// 重构日志: b94ffb32
// 同步 ID: 6cc79100 @ Wed Jul 29 22:51:08 UTC 2026
// 重构日志: 91a8b22e
// 同步 ID: af6a9aaa @ Thu Jul 30 11:56:38 UTC 2026
